
===========================================================================
report_checks -path_delay max (Setup)
============================================================================
======================= Fastest Corner ===================================

Startpoint: _226_ (rising edge-triggered flip-flop clocked by clk)
Endpoint: sck (output port clocked by clk)
Path Group: clk
Path Type: max
Corner: Fastest

Fanout     Cap    Slew   Delay    Time   Description
-----------------------------------------------------------------------------
                          0.00    0.00   clock clk (rise edge)
                          0.00    0.00   clock source latency
                  0.03    0.02    0.02 ^ clk (in)
     1    0.01                           clk (net)
                  0.03    0.00    0.02 ^ _226_/CLK (sky130_fd_sc_hd__dfrtp_4)
                  0.07    0.34    0.36 v _226_/Q (sky130_fd_sc_hd__dfrtp_4)
     6    0.03                           net34 (net)
                  0.07    0.00    0.36 v output34/A (sky130_fd_sc_hd__clkbuf_4)
                  0.06    0.14    0.50 v output34/X (sky130_fd_sc_hd__clkbuf_4)
     1    0.03                           sck (net)
                  0.06    0.00    0.50 v sck (out)
                                  0.50   data arrival time

                         10.00   10.00   clock clk (rise edge)
                          0.00   10.00   clock network delay (propagated)
                         -0.25    9.75   clock uncertainty
                          0.00    9.75   clock reconvergence pessimism
                         -2.00    7.75   output external delay
                                  7.75   data required time
-----------------------------------------------------------------------------
                                  7.75   data required time
                                 -0.50   data arrival time
-----------------------------------------------------------------------------
                                  7.25   slack (MET)


Startpoint: reset (input port clocked by clk)
Endpoint: _226_ (recovery check against rising-edge clock clk)
Path Group: asynchronous
Path Type: max
Corner: Fastest

Fanout     Cap    Slew   Delay    Time   Description
-----------------------------------------------------------------------------
                          0.00    0.00   clock clk (rise edge)
                          0.00    0.00   clock network delay (propagated)
                          2.00    2.00 v input external delay
                  0.01    0.00    2.00 v reset (in)
     1    0.00                           reset (net)
                  0.01    0.00    2.00 v input17/A (sky130_fd_sc_hd__clkbuf_2)
                  0.07    0.10    2.10 v input17/X (sky130_fd_sc_hd__clkbuf_2)
     5    0.02                           net17 (net)
                  0.07    0.00    2.11 v _203_/A (sky130_fd_sc_hd__inv_2)
                  0.03    0.04    2.15 ^ _203_/Y (sky130_fd_sc_hd__inv_2)
     1    0.00                           _066_ (net)
                  0.03    0.00    2.15 ^ _226_/RESET_B (sky130_fd_sc_hd__dfrtp_4)
                                  2.15   data arrival time

                         10.00   10.00   clock clk (rise edge)
                          0.00   10.00   clock source latency
                  0.03    0.02   10.02 ^ clk (in)
     1    0.01                           clk (net)
                  0.03    0.00   10.02 ^ _226_/CLK (sky130_fd_sc_hd__dfrtp_4)
                         -0.25    9.77   clock uncertainty
                          0.00    9.77   clock reconvergence pessimism
                          0.13    9.90   library recovery time
                                  9.90   data required time
-----------------------------------------------------------------------------
                                  9.90   data required time
                                 -2.15   data arrival time
-----------------------------------------------------------------------------
                                  7.75   slack (MET)


Startpoint: _226_ (rising edge-triggered flip-flop clocked by clk)
Endpoint: _226_ (rising edge-triggered flip-flop clocked by clk)
Path Group: clk
Path Type: max
Corner: Fastest

Fanout     Cap    Slew   Delay    Time   Description
-----------------------------------------------------------------------------
                          0.00    0.00   clock clk (rise edge)
                          0.00    0.00   clock source latency
                  0.03    0.02    0.02 ^ clk (in)
     1    0.01                           clk (net)
                  0.03    0.00    0.02 ^ _226_/CLK (sky130_fd_sc_hd__dfrtp_4)
                  0.07    0.34    0.36 v _226_/Q (sky130_fd_sc_hd__dfrtp_4)
     6    0.03                           net34 (net)
                  0.07    0.00    0.36 v _168_/A (sky130_fd_sc_hd__buf_4)
                  0.06    0.15    0.51 v _168_/X (sky130_fd_sc_hd__buf_4)
    10    0.05                           _094_ (net)
                  0.06    0.00    0.51 v _169_/A (sky130_fd_sc_hd__inv_2)
                  0.02    0.04    0.55 ^ _169_/Y (sky130_fd_sc_hd__inv_2)
     1    0.00                           _000_ (net)
                  0.02    0.00    0.55 ^ _226_/D (sky130_fd_sc_hd__dfrtp_4)
                                  0.55   data arrival time

                         10.00   10.00   clock clk (rise edge)
                          0.00   10.00   clock source latency
                  0.03    0.02   10.02 ^ clk (in)
     1    0.01                           clk (net)
                  0.03    0.00   10.02 ^ _226_/CLK (sky130_fd_sc_hd__dfrtp_4)
                         -0.25    9.77   clock uncertainty
                          0.00    9.77   clock reconvergence pessimism
                         -0.04    9.73   library setup time
                                  9.73   data required time
-----------------------------------------------------------------------------
                                  9.73   data required time
                                 -0.55   data arrival time
-----------------------------------------------------------------------------
                                  9.18   slack (MET)



======================= Slowest Corner ===================================

Startpoint: _226_ (rising edge-triggered flip-flop clocked by clk)
Endpoint: sck (output port clocked by clk)
Path Group: clk
Path Type: max
Corner: Slowest

Fanout     Cap    Slew   Delay    Time   Description
-----------------------------------------------------------------------------
                          0.00    0.00   clock clk (rise edge)
                          0.00    0.00   clock source latency
                  0.06    0.04    0.04 ^ clk (in)
     1    0.01                           clk (net)
                  0.06    0.00    0.04 ^ _226_/CLK (sky130_fd_sc_hd__dfrtp_4)
                  0.18    1.13    1.17 v _226_/Q (sky130_fd_sc_hd__dfrtp_4)
     6    0.03                           net34 (net)
                  0.18    0.00    1.17 v output34/A (sky130_fd_sc_hd__clkbuf_4)
                  0.14    0.39    1.56 v output34/X (sky130_fd_sc_hd__clkbuf_4)
     1    0.03                           sck (net)
                  0.14    0.00    1.56 v sck (out)
                                  1.56   data arrival time

                         10.00   10.00   clock clk (rise edge)
                          0.00   10.00   clock network delay (propagated)
                         -0.25    9.75   clock uncertainty
                          0.00    9.75   clock reconvergence pessimism
                         -2.00    7.75   output external delay
                                  7.75   data required time
-----------------------------------------------------------------------------
                                  7.75   data required time
                                 -1.56   data arrival time
-----------------------------------------------------------------------------
                                  6.19   slack (MET)


Startpoint: reset (input port clocked by clk)
Endpoint: _226_ (recovery check against rising-edge clock clk)
Path Group: asynchronous
Path Type: max
Corner: Slowest

Fanout     Cap    Slew   Delay    Time   Description
-----------------------------------------------------------------------------
                          0.00    0.00   clock clk (rise edge)
                          0.00    0.00   clock network delay (propagated)
                          2.00    2.00 v input external delay
                  0.02    0.01    2.01 v reset (in)
     1    0.00                           reset (net)
                  0.02    0.00    2.01 v input17/A (sky130_fd_sc_hd__clkbuf_2)
                  0.17    0.28    2.29 v input17/X (sky130_fd_sc_hd__clkbuf_2)
     5    0.02                           net17 (net)
                  0.17    0.00    2.29 v _203_/A (sky130_fd_sc_hd__inv_2)
                  0.06    0.12    2.40 ^ _203_/Y (sky130_fd_sc_hd__inv_2)
     1    0.00                           _066_ (net)
                  0.06    0.00    2.40 ^ _226_/RESET_B (sky130_fd_sc_hd__dfrtp_4)
                                  2.40   data arrival time

                         10.00   10.00   clock clk (rise edge)
                          0.00   10.00   clock source latency
                  0.06    0.04   10.04 ^ clk (in)
     1    0.01                           clk (net)
                  0.06    0.00   10.04 ^ _226_/CLK (sky130_fd_sc_hd__dfrtp_4)
                         -0.25    9.79   clock uncertainty
                          0.00    9.79   clock reconvergence pessimism
                          0.45   10.23   library recovery time
                                 10.23   data required time
-----------------------------------------------------------------------------
                                 10.23   data required time
                                 -2.40   data arrival time
-----------------------------------------------------------------------------
                                  7.83   slack (MET)


Startpoint: _226_ (rising edge-triggered flip-flop clocked by clk)
Endpoint: _226_ (rising edge-triggered flip-flop clocked by clk)
Path Group: clk
Path Type: max
Corner: Slowest

Fanout     Cap    Slew   Delay    Time   Description
-----------------------------------------------------------------------------
                          0.00    0.00   clock clk (rise edge)
                          0.00    0.00   clock source latency
                  0.06    0.04    0.04 ^ clk (in)
     1    0.01                           clk (net)
                  0.06    0.00    0.04 ^ _226_/CLK (sky130_fd_sc_hd__dfrtp_4)
                  0.20    0.96    1.00 ^ _226_/Q (sky130_fd_sc_hd__dfrtp_4)
     6    0.03                           net34 (net)
                  0.20    0.00    1.00 ^ _168_/A (sky130_fd_sc_hd__buf_4)
                  0.26    0.43    1.43 ^ _168_/X (sky130_fd_sc_hd__buf_4)
    10    0.06                           _094_ (net)
                  0.26    0.00    1.43 ^ _169_/A (sky130_fd_sc_hd__inv_2)
                  0.05    0.11    1.54 v _169_/Y (sky130_fd_sc_hd__inv_2)
     1    0.00                           _000_ (net)
                  0.05    0.00    1.54 v _226_/D (sky130_fd_sc_hd__dfrtp_4)
                                  1.54   data arrival time

                         10.00   10.00   clock clk (rise edge)
                          0.00   10.00   clock source latency
                  0.06    0.04   10.04 ^ clk (in)
     1    0.01                           clk (net)
                  0.06    0.00   10.04 ^ _226_/CLK (sky130_fd_sc_hd__dfrtp_4)
                         -0.25    9.79   clock uncertainty
                          0.00    9.79   clock reconvergence pessimism
                         -0.27    9.52   library setup time
                                  9.52   data required time
-----------------------------------------------------------------------------
                                  9.52   data required time
                                 -1.54   data arrival time
-----------------------------------------------------------------------------
                                  7.98   slack (MET)



======================= Typical Corner ===================================

Startpoint: _226_ (rising edge-triggered flip-flop clocked by clk)
Endpoint: sck (output port clocked by clk)
Path Group: clk
Path Type: max
Corner: Typical

Fanout     Cap    Slew   Delay    Time   Description
-----------------------------------------------------------------------------
                          0.00    0.00   clock clk (rise edge)
                          0.00    0.00   clock source latency
                  0.04    0.03    0.03 ^ clk (in)
     1    0.01                           clk (net)
                  0.04    0.00    0.03 ^ _226_/CLK (sky130_fd_sc_hd__dfrtp_4)
                  0.09    0.54    0.56 v _226_/Q (sky130_fd_sc_hd__dfrtp_4)
     6    0.03                           net34 (net)
                  0.09    0.00    0.57 v output34/A (sky130_fd_sc_hd__clkbuf_4)
                  0.08    0.21    0.78 v output34/X (sky130_fd_sc_hd__clkbuf_4)
     1    0.03                           sck (net)
                  0.08    0.00    0.78 v sck (out)
                                  0.78   data arrival time

                         10.00   10.00   clock clk (rise edge)
                          0.00   10.00   clock network delay (propagated)
                         -0.25    9.75   clock uncertainty
                          0.00    9.75   clock reconvergence pessimism
                         -2.00    7.75   output external delay
                                  7.75   data required time
-----------------------------------------------------------------------------
                                  7.75   data required time
                                 -0.78   data arrival time
-----------------------------------------------------------------------------
                                  6.97   slack (MET)


Startpoint: reset (input port clocked by clk)
Endpoint: _226_ (recovery check against rising-edge clock clk)
Path Group: asynchronous
Path Type: max
Corner: Typical

Fanout     Cap    Slew   Delay    Time   Description
-----------------------------------------------------------------------------
                          0.00    0.00   clock clk (rise edge)
                          0.00    0.00   clock network delay (propagated)
                          2.00    2.00 v input external delay
                  0.01    0.01    2.01 v reset (in)
     1    0.00                           reset (net)
                  0.01    0.00    2.01 v input17/A (sky130_fd_sc_hd__clkbuf_2)
                  0.10    0.15    2.16 v input17/X (sky130_fd_sc_hd__clkbuf_2)
     5    0.02                           net17 (net)
                  0.10    0.00    2.16 v _203_/A (sky130_fd_sc_hd__inv_2)
                  0.04    0.07    2.22 ^ _203_/Y (sky130_fd_sc_hd__inv_2)
     1    0.00                           _066_ (net)
                  0.04    0.00    2.22 ^ _226_/RESET_B (sky130_fd_sc_hd__dfrtp_4)
                                  2.22   data arrival time

                         10.00   10.00   clock clk (rise edge)
                          0.00   10.00   clock source latency
                  0.04    0.02   10.02 ^ clk (in)
     1    0.01                           clk (net)
                  0.04    0.00   10.02 ^ _226_/CLK (sky130_fd_sc_hd__dfrtp_4)
                         -0.25    9.77   clock uncertainty
                          0.00    9.77   clock reconvergence pessimism
                          0.22    9.99   library recovery time
                                  9.99   data required time
-----------------------------------------------------------------------------
                                  9.99   data required time
                                 -2.22   data arrival time
-----------------------------------------------------------------------------
                                  7.77   slack (MET)


Startpoint: _226_ (rising edge-triggered flip-flop clocked by clk)
Endpoint: _226_ (rising edge-triggered flip-flop clocked by clk)
Path Group: clk
Path Type: max
Corner: Typical

Fanout     Cap    Slew   Delay    Time   Description
-----------------------------------------------------------------------------
                          0.00    0.00   clock clk (rise edge)
                          0.00    0.00   clock source latency
                  0.04    0.03    0.03 ^ clk (in)
     1    0.01                           clk (net)
                  0.04    0.00    0.03 ^ _226_/CLK (sky130_fd_sc_hd__dfrtp_4)
                  0.09    0.54    0.56 v _226_/Q (sky130_fd_sc_hd__dfrtp_4)
     6    0.03                           net34 (net)
                  0.09    0.00    0.57 v _168_/A (sky130_fd_sc_hd__buf_4)
                  0.08    0.22    0.79 v _168_/X (sky130_fd_sc_hd__buf_4)
    10    0.05                           _094_ (net)
                  0.08    0.00    0.79 v _169_/A (sky130_fd_sc_hd__inv_2)
                  0.03    0.05    0.84 ^ _169_/Y (sky130_fd_sc_hd__inv_2)
     1    0.00                           _000_ (net)
                  0.03    0.00    0.84 ^ _226_/D (sky130_fd_sc_hd__dfrtp_4)
                                  0.84   data arrival time

                         10.00   10.00   clock clk (rise edge)
                          0.00   10.00   clock source latency
                  0.04    0.02   10.02 ^ clk (in)
     1    0.01                           clk (net)
                  0.04    0.00   10.02 ^ _226_/CLK (sky130_fd_sc_hd__dfrtp_4)
                         -0.25    9.77   clock uncertainty
                          0.00    9.77   clock reconvergence pessimism
                         -0.06    9.71   library setup time
                                  9.71   data required time
-----------------------------------------------------------------------------
                                  9.71   data required time
                                 -0.84   data arrival time
-----------------------------------------------------------------------------
                                  8.87   slack (MET)



